kotlin version: 2.0.21
error message: com.google.devtools.ksp.common.impl.KSPCompilationError: Function declaration must have a name
	at com.google.devtools.ksp.symbol.impl.kotlin.KSFunctionDeclarationImpl$simpleName$2.invoke(KSFunctionDeclarationImpl.kt:55)
	at com.google.devtools.ksp.symbol.impl.kotlin.KSFunctionDeclarationImpl$simpleName$2.invoke(KSFunctionDeclarationImpl.kt:50)
	at kotlin.SynchronizedLazyImpl.getValue(LazyJVM.kt:74)
	at com.google.devtools.ksp.symbol.impl.kotlin.KSFunctionDeclarationImpl.getSimpleName(KSFunctionDeclarationImpl.kt:50)
	at com.google.devtools.ksp.UtilsKt.isConstructor(utils.kt:298)
	at com.google.devtools.ksp.symbol.impl.kotlin.KSClassDeclarationImpl$declarations$2.invoke(KSClassDeclarationImpl.kt:84)
	at com.google.devtools.ksp.symbol.impl.kotlin.KSClassDeclarationImpl$declarations$2.invoke(KSClassDeclarationImpl.kt:67)
	at kotlin.SynchronizedLazyImpl.getValue(LazyJVM.kt:74)
	at com.google.devtools.ksp.symbol.impl.kotlin.KSClassDeclarationImpl.getDeclarations(KSClassDeclarationImpl.kt:67)
	at com.google.devtools.ksp.processing.impl.ResolverImpl$visitor$1.visitClassDeclaration(ResolverImpl.kt:204)
	at com.google.devtools.ksp.processing.impl.ResolverImpl$visitor$1.visitClassDeclaration(ResolverImpl.kt:188)
	at com.google.devtools.ksp.symbol.impl.kotlin.KSClassDeclarationImpl.accept(KSClassDeclarationImpl.kt:133)
	at com.google.devtools.ksp.processing.impl.ResolverImpl$visitor$1.visitFile(ResolverImpl.kt:190)
	at com.google.devtools.ksp.processing.impl.ResolverImpl$visitor$1.visitFile(ResolverImpl.kt:188)
	at com.google.devtools.ksp.symbol.impl.kotlin.KSFileImpl.accept(KSFileImpl.kt:62)
	at com.google.devtools.ksp.processing.impl.ResolverImpl.<init>(ResolverImpl.kt:216)
	at com.google.devtools.ksp.AbstractKotlinSymbolProcessingExtension.doAnalysis(KotlinSymbolProcessingExtension.kt:231)
	at org.jetbrains.kotlin.cli.jvm.compiler.TopDownAnalyzerFacadeForJVM.analyzeFilesWithJavaIntegration(TopDownAnalyzerFacadeForJVM.kt:112)
	at org.jetbrains.kotlin.cli.jvm.compiler.TopDownAnalyzerFacadeForJVM.analyzeFilesWithJavaIntegration$default(TopDownAnalyzerFacadeForJVM.kt:75)
	at org.jetbrains.kotlin.cli.jvm.compiler.KotlinToJVMBytecodeCompiler.analyze$lambda$12(KotlinToJVMBytecodeCompiler.kt:373)
	at org.jetbrains.kotlin.cli.common.messages.AnalyzerWithCompilerReport.analyzeAndReport(AnalyzerWithCompilerReport.kt:112)
	at org.jetbrains.kotlin.cli.jvm.compiler.KotlinToJVMBytecodeCompiler.analyze(KotlinToJVMBytecodeCompiler.kt:364)
	at org.jetbrains.kotlin.cli.jvm.compiler.KotlinToJVMBytecodeCompiler.runFrontendAndGenerateIrUsingClassicFrontend(KotlinToJVMBytecodeCompiler.kt:195)
	at org.jetbrains.kotlin.cli.jvm.compiler.KotlinToJVMBytecodeCompiler.compileModules$cli(KotlinToJVMBytecodeCompiler.kt:106)
	at org.jetbrains.kotlin.cli.jvm.K2JVMCompiler.doExecute(K2JVMCompiler.kt:170)
	at org.jetbrains.kotlin.cli.jvm.K2JVMCompiler.doExecute(K2JVMCompiler.kt:43)
	at org.jetbrains.kotlin.cli.common.CLICompiler.execImpl(CLICompiler.kt:103)
	at org.jetbrains.kotlin.cli.common.CLICompiler.execImpl(CLICompiler.kt:49)
	at org.jetbrains.kotlin.cli.common.CLITool.exec(CLITool.kt:101)
	at org.jetbrains.kotlin.daemon.CompileServiceImpl.compile(CompileServiceImpl.kt:1555)
	at java.base/jdk.internal.reflect.DirectMethodHandleAccessor.invoke(Unknown Source)
	at java.base/java.lang.reflect.Method.invoke(Unknown Source)
	at java.rmi/sun.rmi.server.UnicastServerRef.dispatch(Unknown Source)
	at java.rmi/sun.rmi.transport.Transport$1.run(Unknown Source)
	at java.rmi/sun.rmi.transport.Transport$1.run(Unknown Source)
	at java.base/java.security.AccessController.doPrivileged(Unknown Source)
	at java.rmi/sun.rmi.transport.Transport.serviceCall(Unknown Source)
	at java.rmi/sun.rmi.transport.tcp.TCPTransport.handleMessages(Unknown Source)
	at java.rmi/sun.rmi.transport.tcp.TCPTransport$ConnectionHandler.run0(Unknown Source)
	at java.rmi/sun.rmi.transport.tcp.TCPTransport$ConnectionHandler.lambda$run$0(Unknown Source)
	at java.base/java.security.AccessController.doPrivileged(Unknown Source)
	at java.rmi/sun.rmi.transport.tcp.TCPTransport$ConnectionHandler.run(Unknown Source)
	at java.base/java.util.concurrent.ThreadPoolExecutor.runWorker(Unknown Source)
	at java.base/java.util.concurrent.ThreadPoolExecutor$Worker.run(Unknown Source)
	at java.base/java.lang.Thread.run(Unknown Source)


